// Jest Snapshot v1, https://goo.gl/fbAQLP

exports[`Cart checkout() should return an onbject with the total and the list of items  1`] = `
Object {
  "items": Array [
    Object {
      "product": Object {
        "price": 35388,
        "title": "Adidas running",
      },
      "quantity": 2,
    },
    Object {
      "product": Object {
        "price": 41872,
        "title": "Skate",
      },
      "quantity": 3,
    },
  ],
  "total": 196392,
}
`;
